..................................................................................................................
..................................................................................................................
................................................e.................................................................
................................................|.................................................................
................................................e.........c-c-c...................................................
................................................|......../.....\..................................................
..............................b-b-b-b-b-b-b-b...e.....c-c.......c.................................................
............................./...............\..|.....|..........\................................................
............................b.................b-b-b-b-b-b-b.......c-c-c-c.........................................
.........................../....................|........................\........................................
................1-1-1-1-1-1-1-1-1-1-1-1-1-1-1-1-1-1-1-1-1-1-1-1-1.........c.......................................
......................................|............../.....................\......................................
....................8.................2.............3.......................c-c-c-c-c-c-c-c-c-c...................
.....................\................|............/....................................|.........................
......................8...............2-3-3-3-3-3-3...........a-a-a-a-a-a-a-a-a-a-a-a...d.........................
.......................\..............|...........|...........|...............|.|...|...|.........................
........................8.....8-8.....2...........4...........a-a-a-a-a-a.a-a.a-a-a-a...d.........................
.........................\.../...\....|...........|...........|...|...|../..|.|..\..|...|.........................
..........................8-8.....8...2...........4...........a-a-a-a-a-a...a.a-a-a-a...d.........................
...................................\./.\..........|...........|.............|.|......../..........................
....................................5...2.........4-9-9-9-9-9-a-a-a-a-a-a-a.a.a...d-d-d...........................
.................................../.....\........|...........................|...|...............................
..................................5.......2.......4...........a-a-a-a-a-a-a-a-a...d...............................
................................./.........\......|...........|...|../..|.|...|...|...............................
................................5...........2.....4...........a-a-a-a-a-a-a-a-a...d...............................
.............................../.............\....|...............................|...............................
..............................5...............2-2-2-2-2-2.........................d...............................
............................./...........................\........................|...............................
............................5-5-5-5-5.....................2.......................d...............................
....................................|......................\......................................................
....................................5-7-7-7-7-7-7-7-7-7-7-7-2.....................................................
....................................|........................\....................................................
................................6-6-6-6-6-6-6.................2...................................................
.............................../...../.\.....\.................\..................................................
..............................6-6-6-6...6.6-6-6.................2.................................................
..............................|.|........\|../...................\................................................
..............................6-6-6-6-6-6-6-6.....................2...............................................
...............................\|../..............................................................................
................................6-6...............................................................................
..................................................................................................................
..................................................................................................................
%
1:Builders Walk
2:Cross Street
3:Meres Walk
4:Gate Street
5:Turin Way
6:Magelan Market
7:Fergal Walk
8:Morris Way
9:Park Walk
a:City Park
b:Mergaul Street
c:Jaris Street
d:Down Way
e:Neu Street
#end of file



