..................................................................................................................
..................................................................................................................
.........................................9.........1-1-1-1........................................................
.........................................|......../.......\.......................................................
.........................................9.......1.........1......................................................
......................................../.........\......./.......................................................
...............................9-9-9-9-9...........1-1-1-1........................................................
............................../|.....................|....\.......................................................
.............................9.5.....................2.....3...c-c-c...c-c-c......................................
............................/..|.....................|......\./.....\./.....\.....................................
...........................9...5...........b-b-b-b-b-2.......3.......c.......c....................................
........................../.....\........./..........|........\...............\...................................
.........................9.......5.......b.........6-2.........3...............c..................................
......................../.........\...../........./..|..........\..............|..................................
.......................9...........5-5-5.........6...2...........3.............c-d-d-d-d-d-d-d-d-d................
.......................|...............|......../....|...........|.............|..................\...............
.......................9...............5.......6.....2-4-4-4.....3.............c...................d..............
.......................|................\...../......|.....|..../..............|................../...............
.......................7-7...............5...6.......2.....4...3-e-e-e-e-e-e-e-c-e...............d................
.......................|..\..............|...|.......|.....|../................|..\............./.................
.......................7...7-7...........5...6.......2...3-3-3.................c...e...........d..................
.......................|......\..........|../........|../..|...................|...|........../...................
...8-8-8-8-8-8-8-8-8-8-7-8-8-8-7-7-6-6-6-5-6.........2-3...4-d-d-d-d-d-d-d-d-d-d-d-d-d-d-d-d-d....................
.......................|......../........|...........|.....|.........|.............|..............................
.......................7.......7.........5...........2.....4.........f.............e..............................
.......................|....../...........\..........|.....|.........|.............|..............................
.......................7-7-7-7.............5.........2.....4.........f.............e..............................
..............................\.............\........|..../..........|.............|..............................
...............................a.............5-5-5-5-2-4-4...........f-g-g-g-g-g-g-g-g-g..........................
................................\.............../....|...............|.........|.......|..........................
.................................a.............a.....2...............f.........i.......h..........................
..................................\.........../.......\............./..........|.......|..........................
...................................a.........a.........2...........f...........i.......h..........................
....................................\......./...........\........./............|.......|..........................
.....................................a-a-a-a.............2-f-f-f-f.............i.......h..........................
..........................................................\....................|....../...........................
...........................................................2-2.................h.....h............................
..............................................................\.............../.\.../.............................
...............................................................2-2-2-2-2-2-2-h...h-h..............................
..................................................................................................................
..................................................................................................................
%
1:Blood Walk
2:North Street
3:Fergil Lane
4:Masons Lane
5:Wind Road
6:Cross Street
7:Market Close
8:Exit Causeway
9:Long Walk
a:Curvy Street
b:Demon Walk
c:Rainy Crescent
d:Newtown Way
e:Meriath Road
f:Burns Way
g:Warring Lane
h:Needles Street
i:Avatar Road
#end of file



